Símbolo         Valor Decimal   Valor Hexadecimal
-------         -------------   -----------------
_KERNEL                     0                   0
_VETTAB                   256                 100
_RESET                    512                 200
_APP                    32768                8000
_IOAREA16               65408                FF80
_IOAREA08               65472                FFC0
STACK                   65408                FF80
IVET                    65470                FFBE
TIMDT                   65495                FFD7
INTS                    65496                FFD8
INTE                    65497                FFD9
TECST                   65498                FFDA
TECDT                   65499                FFDB
VISOR                   65500                FFDC
_KBHIT                    564                 234
_KBHIT_PRESSED            572                 23C
_KBHIT_NOT_PRESSED        578                 242
_KBHIT_END                582                 246
_GETCHAR                  583                 247
_INICIO_GETCHAR           583                 247
_TESTE_GETCHAR            587                 24B
_PUTCHAR                  608                 260
_PUTCHAR_RESET_DISPLAY      629                 275
_PUTMSG                   640                 280
_PUTMSG_LOOP              640                 280
_GETCLOCK                 647                 287
_SETCLOCK                 660                 294
_SETALARM                 673                 2A1
ISR                       690                 2B2
_SECONDS_LIMIT_CHECK      742                 2E6
_MINUTES_LIMIT_CHECK      766                 2FE
_HOUR_LIMIT_CHECK         790                 316
_CALLBACK                 804                 324
ISR2                      832                 340
ISRTIM                    845                 34D
ISRTIM_FIM                861                 35D
RANDOM                    862                 35E
TICKCNT                   923                 39B
TICK                      925                 39D
HOUR                      927                 39F
MIN                       929                 3A1
SEC                       931                 3A3
AHOUR                     933                 3A5
AMIN                      935                 3A7
ASEC                      937                 3A9
ADDR                      939                 3AB
_PUTCHAR_POSITION         941                 3AD
_TEST_STRING              943                 3AF
_TEST_STRING_END          944                 3B0
POSICAO                   945                 3B1
PTIN                      947                 3B3
PTOUT                     949                 3B5
TEC_BUFFER                951                 3B7
_CLEAR_DISPLAY            983                 3D7
_CLEAR_DISPLAY_LOOP       987                 3DB
