Símbolo         Valor Decimal   Valor Hexadecimal
-------         -------------   -----------------
_KERNEL                     0                   0
_VETTAB                   256                 100
_RESET                    512                 200
_APP                    32768                8000
_IOAREA16               65408                FF80
_IOAREA08               65472                FFC0
STACK                   65408                FF80
IVET                    65470                FFBE
TIMDT                   65495                FFD7
INTS                    65496                FFD8
INTE                    65497                FFD9
TECST                   65498                FFDA
TECDT                   65499                FFDB
VISOR                   65500                FFDC
_KBHIT                    544                 220
_KBHIT_PRESSED            552                 228
_KBHIT_NOT_PRESSED        562                 232
_KBHIT_END                566                 236
_GETCHAR                  567                 237
_INICIO_GETCHAR           567                 237
_TESTE_GETCHAR            571                 23B
_PUTCHAR                  592                 250
_PUTMSG                   597                 255
_GETCLOCK                 598                 256
_SETCLOCK                 599                 257
_SETALARM                 600                 258
POSICAO                   601                 259
PTIN                      603                 25B
PTOUT                     605                 25D
TEC_BUFFER                607                 25F
_CLEAR_DISPLAY            639                 27F
_CLEAR_DISPLAY_LOOP       643                 283
