Símbolo         Valor Decimal   Valor Hexadecimal
-------         -------------   -----------------
_KERNEL                     0                   0
_VETTAB                   256                 100
_RESET                    512                 200
_APP                    32768                8000
_IOAREA16               65408                FF80
_IOAREA08               65472                FFC0
STACK                   65408                FF80
IVET                    65470                FFBE
TIMDT                   65495                FFD7
INTS                    65496                FFD8
INTE                    65497                FFD9
TECST                   65498                FFDA
TECDT                   65499                FFDB
VISOR                   65500                FFDC
_KBHIT                    564                 234
_KBHIT_PRESSED            572                 23C
_KBHIT_NOT_PRESSED        578                 242
_KBHIT_END                582                 246
_GETCHAR                  583                 247
_INICIO_GETCHAR           583                 247
_TESTE_GETCHAR            587                 24B
_PUTCHAR                  608                 260
_PUTCHAR_RESET_DISPLAY      629                 275
_PUTMSG                   640                 280
_PUTMSG_LOOP              640                 280
_GETCLOCK                 647                 287
_SETCLOCK                 660                 294
_SETALARM                 673                 2A1
ISR                       674                 2A2
ISR2                      704                 2C0
ISRTIM                    715                 2CB
ISRTIM_FIM                731                 2DB
TICKCNT                   732                 2DC
TICK                      734                 2DE
HOUR                      736                 2E0
MIN                       738                 2E2
SEC                       740                 2E4
_PUTCHAR_POSITION         742                 2E6
_TEST_STRING              744                 2E8
_TEST_STRING_END          745                 2E9
POSICAO                   746                 2EA
PTIN                      748                 2EC
PTOUT                     750                 2EE
TEC_BUFFER                752                 2F0
_CLEAR_DISPLAY            784                 310
_CLEAR_DISPLAY_LOOP       788                 314
